<html>
<body>
<pre>
<h1>µVision Build Log</h1>
<h2>Tool Versions:</h2>
IDE-Version: µVision V5.37.0.0
Copyright (C) 2022 ARM Ltd and ARM Germany GmbH. All rights reserved.
License Information: Ulugbek Mirzabakhromov, Inha University, LIC=----
 
Tool Versions:
Toolchain:       MDK-Lite  Version: 5.37.0.0
Toolchain Path:  C:\Keil_v5\ARM\ARMCLANG\Bin
C Compiler:      ArmClang.exe V6.18
Assembler:       Armasm.exe V6.18
Linker/Locator:  ArmLink.exe V6.18
Library Manager: ArmAr.exe V6.18
Hex Converter:   FromElf.exe V6.18
CPU DLL:         SARMCM3.DLL V5.37.0.0
Dialog DLL:      DCM.DLL V1.17.5.0
Target DLL:      STLink\ST-LINKIII-KEIL_SWO.dll V3.0.9.0
Dialog DLL:      TCM.DLL V1.56.1.0
 
<h2>Project:</h2>
\\vmware-host\Shared Folders\Desktop\group_project\task2(new)\task2.uvprojx
Project File Date:  05/25/2022

<h2>Output:</h2>
*** Using Compiler 'V6.18', folder: 'C:\Keil_v5\ARM\ARMCLANG\Bin'
Rebuild target 'Target 1'
compiling task2.c...
task2.c(13): warning: implicitly declaring library function 'strcmp' with type 'int (const char *, const char *)' [-Wimplicit-function-declaration]
                if (!strcmp(input, "left")) GPIOB->BSRR = GPIO_BSRR_BS2;       // Left  ON
                     ^
task2.c(13): note: include the header <string.h> or explicitly provide a declaration for 'strcmp'
task2.c(13): warning: // comments are not allowed in this language [-Wcomment]
                if (!strcmp(input, "left")) GPIOB->BSRR = GPIO_BSRR_BS2;       // Left  ON
                                                                               ^
2 warnings generated.
compiling def_basic.c...
def_basic.c(3): warning: no previous extern declaration for non-static variable 'sysMillis' [-Wmissing-variable-declarations]
unsigned int sysMillis = 0;
             ^
def_basic.c(3): note: declare 'static' if the variable is not intended to be used outside of this translation unit
unsigned int sysMillis = 0;
^
def_basic.c(27): warning: implicit conversion changes signedness: 'int' to 'unsigned int' [-Wsign-conversion]
        unsigned int modeIn32Bit = ((mode & 3) << (2 * pin));
                     ~~~~~~~~~~~    ~~~~~~~~~~~^~~~~~~~~~~~
def_basic.c(28): warning: implicit conversion changes signedness: 'int' to 'unsigned int' [-Wsign-conversion]
        unsigned int pullUpDown = ((mode >> 2) << (2 * pin));
                     ~~~~~~~~~~    ~~~~~~~~~~~~^~~~~~~~~~~~
def_basic.c(33): warning: implicit conversion changes signedness: 'int' to 'unsigned int' [-Wsign-conversion]
        port->MODER &= (modeIn32Bit | ~(3 << (2 * pin)));
                                    ~ ^~~~~~~~~~~~~~~~~
def_basic.c(36): warning: implicit conversion changes signedness: 'int' to 'unsigned int' [-Wsign-conversion]
        port->PUPDR &= (pullUpDown | ~(3 << (2 * pin)));
                                   ~ ^~~~~~~~~~~~~~~~~
def_basic.c(62): warning: implicit conversion loses integer precision: 'volatile uint16_t' (aka 'volatile unsigned short') to 'char' [-Wimplicit-int-conversion]
        return USART2->RDR;
        ~~~~~~ ~~~~~~~~^~~
def_basic.c(82): warning: address of stack memory associated with local variable 'input' returned [-Wreturn-stack-address]
        return input;
               ^~~~~
def_basic.c(69): warning: mixing declarations and code is a C99 extension [-Wdeclaration-after-statement]
        int i = 0;
            ^
def_basic.c(96): warning: no previous prototype for function 'SysTick_Handler' [-Wmissing-prototypes]
void SysTick_Handler(void) { sysMillis++; }
     ^
def_basic.c(96): note: declare 'static' if the function is not intended to be used outside of this translation unit
void SysTick_Handler(void) { sysMillis++; }
^
static 
9 warnings generated.
assembling startup_stm32l476xx.s...
compiling system_stm32l4xx.c...
linking...
Program Size: Code=1528 RO-data=484 RW-data=0 ZI-data=1640  
".\Objects\task2.axf" - 0 Error(s), 11 Warning(s).

<h2>Software Packages used:</h2>

Package Vendor: ARM
                http://www.keil.com/pack/ARM.CMSIS.5.9.0.pack
                ARM.CMSIS.5.9.0
                CMSIS (Common Microcontroller Software Interface Standard)
   * Component: CORE Version: 5.6.0

Package Vendor: Keil
                http://www.keil.com/pack/Keil.STM32L4xx_DFP.2.6.1.pack
                Keil.STM32L4xx_DFP.2.6.1
                STMicroelectronics STM32L4 Series Device Support, Drivers and Examples
   * Component: Startup Version: 1.3.1

<h2>Collection of Component include folders:</h2>
  ./RTE/_Target_1
  C:/Users/Ulugbek/AppData/Local/Arm/Packs/ARM/CMSIS/5.9.0/CMSIS/Core/Include
  C:/Users/Ulugbek/AppData/Local/Arm/Packs/Keil/STM32L4xx_DFP/2.6.1/Drivers/CMSIS/Device/ST/STM32L4xx/Include

<h2>Collection of Component Files used:</h2>

   * Component: ARM::CMSIS:CORE:5.6.0

   * Component: Keil::Device:Startup:1.3.1
      Source file:   Drivers/CMSIS/Device/ST/STM32L4xx/Source/Templates/arm/startup_stm32l476xx.s
      Include file:  Drivers/CMSIS/Device/ST/STM32L4xx/Include/stm32l4xx.h
      Source file:   MDK/Device/Source/ARM/STM32L4xx_DB_OPT.s
      Source file:   Drivers/CMSIS/Device/ST/STM32L4xx/Source/Templates/system_stm32l4xx.c
Build Time Elapsed:  00:00:04
</pre>
</body>
</html>
